[vidhyutpower.com/index.html]
[backblue.gif]
[fade.gif]
[index.html]
[vidhyutpower.com/wp-content/plugins/contact-form-7/includes/css/styles38d6.css]
[vidhyutpower.com/wp-content/plugins/elementor/assets/css/frontend-lite.min34a7.css]
[vidhyutpower.com/feed/index.html]
[vidhyutpower.com/wp-content/plugins/elementor/assets/lib/swiper/v8/css/swiper.min94a4.css]
[vidhyutpower.com/wp-content/uploads/elementor/css/post-1164d9.css]
[vidhyutpower.com/wp-content/uploads/elementor/css/post-928b93b.css]
[vidhyutpower.com/wp-content/uploads/elementor/css/post-433822b0.css]
[vidhyutpower.com/wp-content/themes/oceanwp/assets/fonts/fontawesome/css/all.min1e39.css]
[vidhyutpower.com/comments/feed/index.html]
[vidhyutpower.com/wp-content/themes/oceanwp/assets/css/third/simple-line-icons.min8d5a.css]
[vidhyutpower.com/wp-content/themes/oceanwp/assets/css/style.min1aae.css]
[vidhyutpower.com/wp-content/themes/oceanwp/assets/css/third/hamburgers/hamburgers.min1aae.css]
[vidhyutpower.com/wp-content/themes/oceanwp/assets/css/third/hamburgers/types/elastic1aae.css]
[vidhyutpower.com/wp-content/plugins/elementor/assets/css/modules/lazyload/frontend.min34a7.css]
[vidhyutpower.com/wp-content/plugins/master-addons/assets/css/master-addons-styles84fc.css]
[vidhyutpower.com/wp-content/plugins/royal-elementor-addons/assets/css/lib/animations/text-animations.min9982.css]
[vidhyutpower.com/wp-content/plugins/royal-elementor-addons/assets/css/frontend.min9982.css]
[vidhyutpower.com/wp-content/plugins/elementor/assets/lib/font-awesome/css/all.min9982.css]
[vidhyutpower.com/wp-content/plugins/master-addons/assets/fonts/material-icons/material-iconsa29a.css]
[vidhyutpower.com/wp-content/plugins/master-addons/assets/fonts/iconic-fonts/iconic-font.mina29a.css]
[vidhyutpower.com/wp-content/plugins/master-addons/assets/fonts/linear-icons/linear-iconsa29a.css]
[vidhyutpower.com/wp-includes/js/jquery/jquery.minf43b.js]
[vidhyutpower.com/wp-includes/js/jquery/jquery-migrate.min5589.js]
[vidhyutpower.com/wp-json/wp/v2/pages/928.json]
[vidhyutpower.com/xmlrpc0db0.php]
[vidhyutpower.com/wp-json/oembed/1.0/embed860e.json]
[vidhyutpower.com/wp-json/oembed/1.0/embed9291]
[vidhyutpower.com/wp-content/uploads/2023/09/cropped-vidhyutpower_logo-V-32x32.png]
[vidhyutpower.com/wp-content/uploads/2023/09/cropped-vidhyutpower_logo-V-192x192.png]
[vidhyutpower.com/wp-content/uploads/2023/09/cropped-vidhyutpower_logo-V-180x180.png]
[vidhyutpower.com/wp-content/uploads/2023/09/cropped-vidhyutpower_logo-blue-1.png]
[vidhyutpower.com/wp-content/uploads/2023/09/vidhyutpower_logo-blue.png]
[vidhyutpower.com/wp-content/plugins/elementor/assets/css/widget-icon-list.min.css]
[vidhyutpower.com/wp-json/index.html]
[vidhyutpower.com/about-us-2/index.html]
[vidhyutpower.com/benchmark-projects/index.html]
[vidhyutpower.com/csr/index.html]
[vidhyutpower.com/career/index.html]
[code.jquery.com/jquery-3.6.0.min.js]
[vidhyutpower.com/clients/index.html]
[vidhyutpower.com/wp-content/uploads/2023/09/pngwing.com-4.png]
[vidhyutpower.com/connect-us/index.html]
[vidhyutpower.com/schneider-panels/index.html]
[vidhyutpower.com/wp-content/uploads/2023/09/abb-.png]
[vidhyutpower.com/wp-content/uploads/2023/09/pngwing.com-5.png]
[vidhyutpower.com/wp-content/uploads/2023/09/LT.png]
[vidhyutpower.com/wp-content/uploads/2023/09/pngwing.com-6.png]
[vidhyutpower.com/wp-content/uploads/2023/09/snder.png]
[vidhyutpower.com/wp-content/uploads/2024/02/YouTube-White-Full-Color-Logo.wine_-1024x683.png]
[cdnjs.cloudflare.com/ajax/libs/animejs/2.0.2/anime.min.js]
[j0i.8c3.myftpupload.com/wp-content/uploads/2023/09/Vline-white.28.delayed]
[vidhyutpower.com/wp-content/uploads/2023/09/Vhouse.png]
[vidhyutpower.com/wp-content/uploads/2023/10/V-HOUSE.png]
[vidhyutpower.com/wp-content/uploads/2023/09/Vline.png]
[vidhyutpower.com/wp-content/uploads/2023/10/V-eline.png]
[vidhyutpower.com/wp-content/uploads/2023/09/Vquike.png]
[vidhyutpower.com/wp-content/uploads/2023/10/V-QUIK.png]
[vidhyutpower.com/wp-content/uploads/2023/09/vbaseline.png]
[vidhyutpower.com/wp-content/uploads/2023/10/V-Baseline.png]
[vidhyutpower.com/cdn-cgi/l/email-protection.html]
[vidhyutpower.com/cdn-cgi/scripts/5c5dd728/cloudflare-static/email-decode.min.js]
[vidhyutpower.com/wp-content/plugins/royal-elementor-addons/assets/css/lib/animations/button-animations.min9982.css]
[vidhyutpower.com/wp-content/plugins/royal-elementor-addons/assets/css/lib/animations/wpr-animations.min9982.css]
[vidhyutpower.com/wp-content/plugins/elementor/assets/lib/animations/animations.min34a7.css]
[vidhyutpower.com/wp-content/plugins/contact-form-7/includes/swv/js/index38d6.js]
[vidhyutpower.com/wp-content/plugins/contact-form-7/includes/js/index38d6.js]
[vidhyutpower.com/wp-content/plugins/royal-elementor-addons/assets/js/lib/particles/particles7c45.js]
[vidhyutpower.com/wp-content/plugins/royal-elementor-addons/assets/js/lib/jarallax/jarallax.minf184.js]
[vidhyutpower.com/wp-content/plugins/royal-elementor-addons/assets/js/lib/parallax/parallax.min5152.js]
[vidhyutpower.com/wp-includes/js/imagesloaded.minbb93.js]
[vidhyutpower.com/wp-content/themes/oceanwp/assets/js/theme.min1aae.js]
[vidhyutpower.com/wp-content/themes/oceanwp/assets/js/full-screen-menu.min1aae.js]
[vidhyutpower.com/wp-content/themes/oceanwp/assets/js/drop-down-mobile-menu.min1aae.js]
[vidhyutpower.com/wp-content/themes/oceanwp/assets/js/vendors/magnific-popup.min1aae.js]
[vidhyutpower.com/wp-content/themes/oceanwp/assets/js/ow-lightbox.min1aae.js]
[vidhyutpower.com/wp-content/themes/oceanwp/assets/js/vendors/flickity.pkgd.min1aae.js]
[vidhyutpower.com/wp-content/themes/oceanwp/assets/js/ow-slider.min1aae.js]
[vidhyutpower.com/wp-content/themes/oceanwp/assets/js/scroll-effect.min1aae.js]
[vidhyutpower.com/wp-content/themes/oceanwp/assets/js/scroll-top.min1aae.js]
[vidhyutpower.com/wp-content/themes/oceanwp/assets/js/select.min1aae.js]
[vidhyutpower.com/wp-content/plugins/master-addons/assets/js/pluginsa29a.js]
[vidhyutpower.com/wp-content/plugins/master-addons/assets/js/master-addons-scriptsa29a.js]
[vidhyutpower.com/wp-content/plugins/elementor/assets/lib/jquery-numerator/jquery-numerator.min3958.js]
[vidhyutpower.com/wp-content/plugins/elementor/assets/js/webpack.runtime.min34a7.js]
[vidhyutpower.com/wp-content/plugins/elementor/assets/js/frontend-modules.min34a7.js]
[vidhyutpower.com/wp-content/plugins/elementor/assets/lib/waypoints/waypoints.min05da.js]
[vidhyutpower.com/wp-includes/js/jquery/ui/core.min3f14.js]
[vidhyutpower.com/wp-content/plugins/elementor/assets/js/frontend.min34a7.js]
[vidhyutpower.com/wp-content/plugins/royal-elementor-addons/assets/js/frontend.min9982.js]
[vidhyutpower.com/wp-content/plugins/royal-elementor-addons/assets/js/modal-popups.min9982.js]
[img1.wsimg.com/signals/js/clients/scc-c2/scc-c2.min.js]
[img1.wsimg.com/signals/js/clients/tti/tti.min.js]
[vidhyutpower.com/index.html]
[vidhyutpower.com/wp-content/plugins/contact-form-7/includes/css/styles38d6.css]
[vidhyutpower.com/wp-content/plugins/elementor/assets/css/frontend-lite.min34a7.css]
[vidhyutpower.com/wp-content/plugins/elementor/assets/lib/swiper/v8/css/swiper.min94a4.css]
[vidhyutpower.com/wp-content/uploads/elementor/css/post-1164d9.css]
[j0i.8c3.myftpupload.com/wp-content/uploads/2023/09/compressed_oil-refinery-night-with-reflection.jpg]
[vidhyutpower.com/wp-content/uploads/2023/09/compressed_oil-refinery-night-with-reflection.jpg]
[j0i.8c3.myftpupload.com/wp-content/uploads/2023/09/WhatsApp-Image-2023-09-26-at-13.03.36.jpg]
[j0i.8c3.myftpupload.com/wp-content/uploads/2023/09/sl_0210121_40570_43-scaled.57.delayed]
[j0i.8c3.myftpupload.com/wp-content/uploads/2023/09/001-1.jpg]
[vidhyutpower.com/wp-content/uploads/2023/09/002-1.jpg]
[vidhyutpower.com/wp-content/uploads/2023/09/003-1.jpg]
[vidhyutpower.com/wp-content/uploads/2023/09/for-website.jpg]
[j0i.8c3.myftpupload.com/wp-content/uploads/2023/09/brochure-panel-scaled.jpg]
[vidhyutpower.com/wp-content/uploads/2023/09/113520-OOR8EZ-724.jpg]
[vidhyutpower.com/wp-content/uploads/elementor/css/post-928b93b.css]
[vidhyutpower.com/wp-content/uploads/elementor/css/post-433822b0.css]
[vidhyutpower.com/wp-content/themes/oceanwp/assets/fonts/fontawesome/webfonts/fa-brands-400.woff2]
[vidhyutpower.com/wp-content/themes/oceanwp/assets/fonts/fontawesome/webfonts/fa-brands-400.ttf]
[vidhyutpower.com/wp-content/themes/oceanwp/assets/fonts/fontawesome/webfonts/fa-regular-400.woff2]
[vidhyutpower.com/wp-content/themes/oceanwp/assets/fonts/fontawesome/webfonts/fa-regular-400.ttf]
[vidhyutpower.com/wp-content/themes/oceanwp/assets/fonts/fontawesome/webfonts/fa-solid-900.woff2]
[vidhyutpower.com/wp-content/themes/oceanwp/assets/fonts/fontawesome/webfonts/fa-solid-900.ttf]
[vidhyutpower.com/wp-content/themes/oceanwp/assets/fonts/fontawesome/webfonts/fa-v4compatibility.woff2]
[vidhyutpower.com/wp-content/themes/oceanwp/assets/fonts/fontawesome/css/all.min1e39.css]
[vidhyutpower.com/wp-content/themes/oceanwp/assets/fonts/fontawesome/webfonts/fa-v4compatibility.ttf]
[vidhyutpower.com/wp-content/themes/oceanwp/assets/fonts/simple-line-icons/Simple-Line-Iconsb26c.eot]
[vidhyutpower.com/wp-content/themes/oceanwp/assets/fonts/simple-line-icons/Simple-Line-Iconsb26c.woff2]
[vidhyutpower.com/wp-content/themes/oceanwp/assets/fonts/simple-line-icons/Simple-Line-Iconsb26c.ttf]
[vidhyutpower.com/wp-content/themes/oceanwp/assets/fonts/simple-line-icons/Simple-Line-Iconsb26c.woff]
[vidhyutpower.com/wp-content/themes/oceanwp/assets/css/third/simple-line-icons.min8d5a.css]
[vidhyutpower.com/wp-content/themes/oceanwp/assets/css/style.min1aae.css]
[vidhyutpower.com/wp-content/themes/oceanwp/assets/css/third/hamburgers/hamburgers.min1aae.css]
[vidhyutpower.com/wp-content/themes/oceanwp/assets/css/third/hamburgers/types/elastic1aae.css]
[vidhyutpower.com/wp-content/plugins/elementor/assets/css/modules/lazyload/frontend.min34a7.css]
[vidhyutpower.com/wp-content/plugins/master-addons/assets/images/symbols.svg]
[vidhyutpower.com/wp-content/plugins/master-addons/assets/images/spinner-default.svg]
[vidhyutpower.com/wp-content/plugins/master-addons/assets/images/spinner-light.svg]
[vidhyutpower.com/wp-content/plugins/master-addons/assets/css/master-addons-styles84fc.css]
[vidhyutpower.com/wp-content/plugins/royal-elementor-addons/assets/css/lib/animations/text-animations.min9982.css]
[vidhyutpower.com/wp-content/plugins/royal-elementor-addons/assets/css/frontend.min9982.css]
[vidhyutpower.com/wp-content/plugins/master-addons/assets/images/spinner-dark.svg]
[vidhyutpower.com/wp-content/themes/oceanwp/assets/fonts/simple-line-icons/Simple-Line-Iconsb26c.svg]
[vidhyutpower.com/wp-content/plugins/elementor/assets/lib/font-awesome/webfonts/fa-brands-400.eot]
[vidhyutpower.com/wp-content/plugins/elementor/assets/lib/font-awesome/webfonts/fa-brands-400d41d.eot]
[vidhyutpower.com/wp-content/plugins/elementor/assets/lib/font-awesome/webfonts/fa-brands-400.woff2]
[vidhyutpower.com/wp-content/plugins/elementor/assets/lib/font-awesome/webfonts/fa-brands-400.woff]
[vidhyutpower.com/wp-content/plugins/elementor/assets/lib/font-awesome/webfonts/fa-brands-400.ttf]
[vidhyutpower.com/wp-content/plugins/elementor/assets/lib/font-awesome/webfonts/fa-regular-400.eot]
[vidhyutpower.com/wp-content/plugins/elementor/assets/lib/font-awesome/webfonts/fa-brands-400.svg]
[vidhyutpower.com/wp-content/plugins/elementor/assets/lib/font-awesome/webfonts/fa-regular-400d41d.eot]
[vidhyutpower.com/wp-content/plugins/elementor/assets/lib/font-awesome/webfonts/fa-regular-400.woff2]
[vidhyutpower.com/wp-content/plugins/elementor/assets/lib/font-awesome/webfonts/fa-regular-400.woff]
[vidhyutpower.com/wp-content/plugins/elementor/assets/lib/font-awesome/webfonts/fa-regular-400.ttf]
[vidhyutpower.com/wp-content/plugins/elementor/assets/lib/font-awesome/webfonts/fa-regular-400.svg]
[vidhyutpower.com/wp-content/plugins/elementor/assets/lib/font-awesome/webfonts/fa-solid-900.eot]
[vidhyutpower.com/wp-content/plugins/elementor/assets/lib/font-awesome/webfonts/fa-solid-900d41d.eot]
[vidhyutpower.com/wp-content/plugins/elementor/assets/lib/font-awesome/webfonts/fa-solid-900.woff2]
[vidhyutpower.com/wp-content/plugins/elementor/assets/lib/font-awesome/webfonts/fa-solid-900.woff]
[vidhyutpower.com/wp-content/plugins/elementor/assets/lib/font-awesome/webfonts/fa-solid-900.ttf]
[vidhyutpower.com/wp-content/plugins/elementor/assets/lib/font-awesome/css/all.min9982.css]
[vidhyutpower.com/wp-content/plugins/elementor/assets/lib/font-awesome/webfonts/fa-solid-900.svg]
[vidhyutpower.com/wp-content/plugins/master-addons/assets/fonts/material-icons/material-icons.eot]
[vidhyutpower.com/wp-content/plugins/master-addons/assets/fonts/material-icons/material-icons.ttf]
[vidhyutpower.com/wp-content/plugins/master-addons/assets/fonts/material-icons/material-icons.woff]
[vidhyutpower.com/wp-content/plugins/master-addons/assets/fonts/material-icons/material-iconsa29a.css]
[vidhyutpower.com/wp-content/plugins/master-addons/assets/fonts/material-icons/material-icons.svg]
[vidhyutpower.com/wp-content/plugins/master-addons/assets/fonts/iconic-fonts/iconic-font.woff2]
[vidhyutpower.com/wp-content/plugins/master-addons/assets/fonts/iconic-fonts/iconic-font.woff]
[vidhyutpower.com/wp-content/plugins/master-addons/assets/fonts/iconic-fonts/iconic-font.mina29a.css]
[vidhyutpower.com/wp-content/plugins/master-addons/assets/fonts/iconic-fonts/iconic-font.ttf]
[vidhyutpower.com/wp-content/plugins/master-addons/assets/fonts/linear-icons/linear-icons54e9.eot]
[vidhyutpower.com/wp-content/plugins/master-addons/assets/fonts/linear-icons/linear-iconsd41d.eot]
[vidhyutpower.com/wp-content/plugins/master-addons/assets/fonts/linear-icons/linear-icons54e9.woff2]
[vidhyutpower.com/wp-content/plugins/master-addons/assets/fonts/linear-icons/linear-icons54e9.woff]
[vidhyutpower.com/wp-content/plugins/master-addons/assets/fonts/linear-icons/linear-icons54e9.ttf]
[vidhyutpower.com/wp-content/plugins/master-addons/assets/fonts/linear-icons/linear-iconsa29a.css]
[vidhyutpower.com/xmlrpc0db0.html]
[vidhyutpower.com/wp-content/plugins/master-addons/assets/fonts/linear-icons/linear-icons54e9.svg]
[vidhyutpower.com/wp-content/uploads/elementor/css/post-495ddcc.css]
[vidhyutpower.com/wp-json/wp/v2/pages/495.json]
[vidhyutpower.com/wp-json/oembed/1.0/embedec81.json]
[vidhyutpower.com/wp-json/oembed/1.0/embed1fed]
[vidhyutpower.com/wp-content/uploads/2023/09/rocket-150x150.png]
[vidhyutpower.com/wp-content/uploads/2023/09/factory.png]
[vidhyutpower.com/wp-content/uploads/2023/09/cabinet.png]
[j0i.8c3.myftpupload.com/wp-content/uploads/2023/09/pngwing.com-6.png]
[vidhyutpower.com/wp-content/uploads/2023/09/startup-150x150.png]
[vidhyutpower.com/wp-content/uploads/2023/09/industry.png]
[vidhyutpower.com/wp-content/uploads/2023/09/Amul-Dairy-Chocolate-Plant.jpg]
[vidhyutpower.com/wp-content/uploads/elementor/thumbs/Amul-Dairy-Chocolate-Plant-qdqlknn9g1tyddwpuuctkg20xrahsffll4lh4oj0oc.jpg]
[vidhyutpower.com/wp-content/uploads/2023/09/TATA-Enterprise.jpg]
[vidhyutpower.com/wp-content/uploads/elementor/thumbs/TATA-Enterprise-qdqlkmpf97so1ry30by6zyakcdf4kqbv8zxznekeuk.jpg]
[vidhyutpower.com/wp-content/uploads/2023/09/Reliance-Retail.jpg]
[vidhyutpower.com/wp-content/uploads/elementor/thumbs/Reliance-Retail-qdqlkmpf97so1ry30by6zyakcdf4kqbv8zxznekeuk.jpg]
[vidhyutpower.com/wp-content/uploads/2023/09/Shreemad-Raj-Chandra-Satsang-hall.jpg]
[vidhyutpower.com/wp-content/uploads/elementor/thumbs/Shreemad-Raj-Chandra-Satsang-hall-qdqlkmpf97so1ry30by6zyakcdf4kqbv8zxznekeuk.jpg]
[vidhyutpower.com/wp-content/uploads/elementor/thumbs/Blood-donatin-1-1-qdqlklrl2drdq5zg5tjkfgj3qzjrd184wvai64lt0s.jpg]
[vidhyutpower.com/wp-content/uploads/elementor/thumbs/Blood-donatin-3-scaled-qdqlkmpf97so1ry30by6zyakcdf4kqbv8zxznekeuk.jpg]
[vidhyutpower.com/wp-content/uploads/elementor/thumbs/Blood-donatin-2-qdqlkmpf97so1ry30by6zyakcdf4kqbv8zxznekeuk.jpg]
[vidhyutpower.com/wp-content/uploads/2023/09/mott-macdonald.png]
[vidhyutpower.com/wp-content/uploads/2023/09/ajanta-pharma.png]
[vidhyutpower.com/wp-content/uploads/2023/09/meril-Copy.png]
[vidhyutpower.com/wp-content/uploads/2023/09/reliance.png]
[vidhyutpower.com/wp-content/uploads/2023/09/castrol-Copy.png]
[vidhyutpower.com/wp-content/uploads/2023/09/Atul-Copy-600x359.png]
[vidhyutpower.com/wp-content/uploads/2023/09/welspun.png]
[vidhyutpower.com/wp-content/uploads/2023/09/radissan.png]
[vidhyutpower.com/wp-content/plugins/royal-elementor-addons/assets/css/lib/animations/loading-animations.min9982.css]
[vidhyutpower.com/wp-content/plugins/royal-elementor-addons/assets/css/lib/aos/aos.min84fc.css]
[vidhyutpower.com/wp-content/plugins/master-addons/assets/vendor/tippyjs/css/tippy84fc.css]
[cdnjs.cloudflare.com/ajax/libs/Swiper/5.3.6/js/swipera29a.js]
[vidhyutpower.com/wp-content/plugins/royal-elementor-addons/assets/js/lib/aos/aos.min.js]
[vidhyutpower.com/wp-content/plugins/royal-elementor-addons/assets/js/lib/infinite-scroll/infinite-scroll.min8d18.js]
[vidhyutpower.com/wp-content/plugins/master-addons/assets/vendor/popper.mina29a.js]
[vidhyutpower.com/wp-content/plugins/master-addons/assets/vendor/tippyjs/js/tippy.mina29a.js]
[vidhyutpower.com/about-us-2/index.html]
[vidhyutpower.com/wp-content/uploads/elementor/css/post-3363696b.css]
[vidhyutpower.com/wp-json/wp/v2/pages/3363.json]
[vidhyutpower.com/wp-json/oembed/1.0/embedef50.json]
[vidhyutpower.com/benchmark-projects/index.html]
[vidhyutpower.com/wp-json/oembed/1.0/embed4729]
[vidhyutpower.com/wp-content/uploads/elementor/css/post-18405baf.css]
[vidhyutpower.com/wp-json/wp/v2/pages/1840.json]
[vidhyutpower.com/wp-json/oembed/1.0/embed7a2e.json]
[vidhyutpower.com/csr/index.html]
[vidhyutpower.com/wp-json/oembed/1.0/embed3b83]
[vidhyutpower.com/wp-content/uploads/elementor/css/post-35545baf.css]
[vidhyutpower.com/wp-json/wp/v2/pages/3554.json]
[vidhyutpower.com/wp-json/oembed/1.0/embedffbf.json]
[vidhyutpower.com/wp-json/oembed/1.0/embed9f42]
[vidhyutpower.com/wp-content/uploads/2023/09/29_Vidhyut-Power_Brochure_31_07_2023.cdr_page-0001-scaled.jpg]
[vidhyutpower.com/wp-content/uploads/2023/10/Male-Avatar.png]
[vidhyutpower.com/wp-content/plugins/royal-elementor-addons/assets/js/lib/slick/slick.minc245.js]
[vidhyutpower.com/clients/index.html]
[vidhyutpower.com/wp-content/uploads/elementor/css/post-37165267.css]
[vidhyutpower.com/wp-json/wp/v2/pages/3716.json]
[vidhyutpower.com/wp-json/oembed/1.0/embed1cf2.json]
[vidhyutpower.com/wp-json/oembed/1.0/embedc416]
[j0i.8c3.myftpupload.com/wp-content/uploads/2023/09/icon_school.c6.delayed]
[vidhyutpower.com/career/index.html]
[vidhyutpower.com/wp-content/uploads/elementor/css/post-3749cc.css]
[vidhyutpower.com/wp-json/wp/v2/pages/37.json]
[vidhyutpower.com/wp-json/oembed/1.0/embed47ac.json]
[vidhyutpower.com/connect-us/index.html]
[vidhyutpower.com/wp-json/oembed/1.0/embed9e30]
[vidhyutpower.com/wp-content/uploads/elementor/css/post-58554b92.css]
[vidhyutpower.com/wp-json/wp/v2/pages/5855.json]
[vidhyutpower.com/wp-json/oembed/1.0/embed8dc9.json]
[vidhyutpower.com/schneider-panels/index.html]
[vidhyutpower.com/wp-content/plugins/elementor/assets/css/widget-icon-list.min.css]
[j0i.8c3.myftpupload.com/wp-content/uploads/2023/09/Vline-white.html]
[vidhyutpower.com/cdn-cgi/l/email-protection.html]
[vidhyutpower.com/wp-content/plugins/royal-elementor-addons/assets/css/lib/animations/button-animations.min9982.css]
[vidhyutpower.com/wp-content/plugins/royal-elementor-addons/assets/css/lib/animations/wpr-animations.min9982.css]
[vidhyutpower.com/wp-content/plugins/elementor/assets/lib/animations/animations.min34a7.css]
[j0i.8c3.myftpupload.com/wp-content/uploads/2023/09/sl_0210121_40570_43-scaled.html]
[vidhyutpower.com/wp-content/themes/oceanwp/assets/fonts/simple-line-icons/Simple-Line-Iconsb26c.svg]
[vidhyutpower.com/wp-content/plugins/master-addons/assets/images/symbols.svg]
[vidhyutpower.com/wp-content/plugins/master-addons/assets/images/spinner-default.svg]
[vidhyutpower.com/wp-content/plugins/master-addons/assets/images/spinner-light.svg]
[vidhyutpower.com/wp-content/plugins/master-addons/assets/images/spinner-dark.svg]
[vidhyutpower.com/wp-json/oembed/1.0/embed805c]
[vidhyutpower.com/wp-content/plugins/elementor/assets/lib/font-awesome/webfonts/fa-brands-400.svg]
[vidhyutpower.com/wp-content/plugins/elementor/assets/lib/font-awesome/webfonts/fa-regular-400.svg]
[vidhyutpower.com/wp-content/plugins/elementor/assets/lib/font-awesome/webfonts/fa-solid-900.svg]
[vidhyutpower.com/wp-content/plugins/master-addons/assets/fonts/material-icons/material-icons.svg]
[vidhyutpower.com/wp-content/plugins/master-addons/assets/fonts/linear-icons/linear-icons54e9.svg]
[vidhyutpower.com/wp-content/uploads/2023/10/Vidhyut-Power_Brochure-01-1-scaled.jpg]
[vidhyutpower.com/wp-content/uploads/2023/10/pic1-scaled.jpg]
[j0i.8c3.myftpupload.com/wp-content/uploads/2023/09/Vidhyut-Power_Brochure-01-scaled.jpg]
[vidhyutpower.com/wp-content/uploads/elementor/css/post-495ddcc.css]
[vidhyutpower.com/index28bc.html]
[vidhyutpower.com/wp-content/plugins/royal-elementor-addons/assets/css/lib/animations/loading-animations.min9982.css]
[vidhyutpower.com/wp-content/plugins/royal-elementor-addons/assets/css/lib/aos/aos.min84fc.css]
[vidhyutpower.com/wp-content/plugins/master-addons/assets/vendor/tippyjs/css/tippy84fc.css]
[j0i.8c3.myftpupload.com/wp-content/uploads/2023/09/Amul-Dairy-Chocolate-Plant.jpg]
[j0i.8c3.myftpupload.com/wp-content/uploads/2023/09/KarnaPrayag-Tunnel-LT-ECC.jpg]
[vidhyutpower.com/wp-content/uploads/2023/09/Shreemad-Raj-Chandra-Hospital.jpg]
[j0i.8c3.myftpupload.com/wp-content/uploads/2023/09/Bullet-Train-Ahmedabad-to-Mumbai-LT-ECC.jpg]
[j0i.8c3.myftpupload.com/wp-content/uploads/2023/09/Colgate.jpg]
[j0i.8c3.myftpupload.com/wp-content/uploads/2023/09/Shreemad-Raj-Chandra-Satsang-hall.jpg]
[j0i.8c3.myftpupload.com/wp-content/uploads/2023/09/TATA-Enterprise.jpg]
[j0i.8c3.myftpupload.com/wp-content/uploads/2023/09/Reliance-Retail.jpg]
[j0i.8c3.myftpupload.com/wp-content/uploads/2023/09/Sathya-Sai-Charitable-Trust-Hospital.jpg]
[vidhyutpower.com/wp-content/uploads/elementor/css/post-3363696b.css]
[vidhyutpower.com/index628e.html]
[j0i.8c3.myftpupload.com/wp-content/uploads/2023/09/plantation.jpg]
[j0i.8c3.myftpupload.com/wp-content/uploads/2023/09/gau-raksha-shala-1.jpg]
[j0i.8c3.myftpupload.com/wp-content/uploads/2023/09/giving-1-scaled.jpg]
[vidhyutpower.com/wp-content/uploads/2023/09/giving-1-scaled.jpg]
[j0i.8c3.myftpupload.com/wp-content/uploads/2023/09/education-scaled.jpg]
[vidhyutpower.com/wp-content/uploads/2023/09/Blood-donatin-1-1.jpg]
[j0i.8c3.myftpupload.com/wp-content/uploads/2023/09/Blood-donatin-2.jpg]
[j0i.8c3.myftpupload.com/wp-content/uploads/2023/09/Blood-donatin-3-scaled.jpg]
[j0i.8c3.myftpupload.com/wp-content/uploads/2023/09/Blood-donatin-3-second-half-1-scaled.jpg]
[j0i.8c3.myftpupload.com/wp-content/uploads/2023/09/Blood-donatin-1.e4.delayed]
[vidhyutpower.com/wp-content/uploads/elementor/css/post-18405baf.css]
[vidhyutpower.com/index1a1d.html]
[j0i.8c3.myftpupload.com/wp-content/uploads/2023/09/human-resources-concept-with-hand.jpg]
[vidhyutpower.com/wp-content/uploads/elementor/css/post-35545baf.css]
[vidhyutpower.com/index87f2.html]
[j0i.8c3.myftpupload.com/wp-content/uploads/2023/09/Vidhyut-Power_Brochure-05-1.jpg]
[j0i.8c3.myftpupload.com/wp-content/uploads/2023/10/contact-us-image-1-scaled.jpg]
[vidhyutpower.com/wp-content/uploads/elementor/css/post-37165267.css]
[vidhyutpower.com/indexf060.html]
[j0i.8c3.myftpupload.com/wp-content/uploads/2023/09/icon_school.html]
[vidhyutpower.com/wp-content/uploads/elementor/css/post-3749cc.css]
[vidhyutpower.com/index4837.html]
[vidhyutpower.com/wp-content/uploads/2024/02/Schneider-IEC-Panel-1.webp]
[vidhyutpower.com/wp-content/uploads/2024/02/Schneider-IEC-Panel-2.webp]
[vidhyutpower.com/wp-content/uploads/2024/02/Schneider-IEC-Panel-3-scaled.webp]
[vidhyutpower.com/wp-content/uploads/2024/02/Schneider-IEC-Panel-4-scaled.webp]
[vidhyutpower.com/wp-content/uploads/2024/02/LT-form-4B-MCC1-scaled.webp]
[vidhyutpower.com/wp-content/uploads/2024/02/LT-form-4B-MCC2-scaled.webp]
[vidhyutpower.com/wp-content/uploads/2024/02/LT-form-4B-MCC3-scaled.webp]
[vidhyutpower.com/wp-content/uploads/2024/02/LT-form-4B-MCC4-scaled.webp]
[vidhyutpower.com/wp-content/uploads/2024/02/LT-form-4B-MCC5-scaled.webp]
[vidhyutpower.com/wp-content/uploads/2024/02/ABB-HT-VCB-PANEL-11-KV-1-scaled.webp]
[vidhyutpower.com/wp-content/uploads/2024/02/ABB-HT-VCB-PANEL-11-KV-2-scaled.webp]
[vidhyutpower.com/wp-content/uploads/2024/02/ABB-HT-VCB-PANEL-11-KV-3-1.jpg]
[vidhyutpower.com/wp-content/uploads/2024/02/ABB-HT-VCB-PANEL-11-KV-4-1.jpg]
[vidhyutpower.com/wp-content/uploads/elementor/css/post-58554b92.css]
[vidhyutpower.com/indexf22e.html]
[j0i.8c3.myftpupload.com/wp-content/uploads/2023/09/Blood-donatin-1.html]
